------------------------------------------------------------
Timing Analyzer Summary
------------------------------------------------------------

Type  : Slow 1200mV 85C Model Setup 'inst1|altpll_component|auto_generated|pll1|clk[0]'
Slack : -9.801
TNS   : -176.489

Type  : Slow 1200mV 85C Model Setup 'SCOMP:inst|IO_CYCLE'
Slack : -8.479
TNS   : -767.096

Type  : Slow 1200mV 85C Model Setup 'clk_div:inst5|clock_10Hz'
Slack : -7.247
TNS   : -156.270

Type  : Slow 1200mV 85C Model Setup 'I2C_INTERFACE:inst13|i2c_master:inst|data_clk'
Slack : -4.721
TNS   : -107.641

Type  : Slow 1200mV 85C Model Setup 'clk_div:inst5|clock_100kHz'
Slack : -4.646
TNS   : -169.163

Type  : Slow 1200mV 85C Model Setup 'clk_div:inst5|clock_20kHz'
Slack : -3.446
TNS   : -4.505

Type  : Slow 1200mV 85C Model Hold 'I2C_INTERFACE:inst13|i2c_master:inst|data_clk'
Slack : -0.511
TNS   : -0.728

Type  : Slow 1200mV 85C Model Hold 'SCOMP:inst|IO_CYCLE'
Slack : -0.063
TNS   : -0.063

Type  : Slow 1200mV 85C Model Hold 'clk_div:inst5|clock_100kHz'
Slack : 0.323
TNS   : 0.000

Type  : Slow 1200mV 85C Model Hold 'clk_div:inst5|clock_20kHz'
Slack : 0.323
TNS   : 0.000

Type  : Slow 1200mV 85C Model Hold 'clk_div:inst5|clock_10Hz'
Slack : 0.325
TNS   : 0.000

Type  : Slow 1200mV 85C Model Hold 'inst1|altpll_component|auto_generated|pll1|clk[0]'
Slack : 0.339
TNS   : 0.000

Type  : Slow 1200mV 85C Model Recovery 'clk_div:inst5|clock_10Hz'
Slack : -4.862
TNS   : -77.778

Type  : Slow 1200mV 85C Model Recovery 'SCOMP:inst|IO_CYCLE'
Slack : -0.219
TNS   : -0.219

Type  : Slow 1200mV 85C Model Removal 'SCOMP:inst|IO_CYCLE'
Slack : 0.573
TNS   : 0.000

Type  : Slow 1200mV 85C Model Removal 'clk_div:inst5|clock_10Hz'
Slack : 3.375
TNS   : 0.000

Type  : Slow 1200mV 85C Model Minimum Pulse Width 'SCOMP:inst|IO_CYCLE'
Slack : -1.403
TNS   : -155.733

Type  : Slow 1200mV 85C Model Minimum Pulse Width 'clk_div:inst5|clock_10Hz'
Slack : -1.403
TNS   : -101.016

Type  : Slow 1200mV 85C Model Minimum Pulse Width 'I2C_INTERFACE:inst13|i2c_master:inst|data_clk'
Slack : -1.403
TNS   : -70.150

Type  : Slow 1200mV 85C Model Minimum Pulse Width 'clk_div:inst5|clock_100kHz'
Slack : -1.403
TNS   : -65.941

Type  : Slow 1200mV 85C Model Minimum Pulse Width 'clk_div:inst5|clock_20kHz'
Slack : -1.403
TNS   : -7.015

Type  : Slow 1200mV 85C Model Minimum Pulse Width 'clock_50'
Slack : 9.844
TNS   : 0.000

Type  : Slow 1200mV 85C Model Minimum Pulse Width 'inst1|altpll_component|auto_generated|pll1|clk[0]'
Slack : 49.678
TNS   : 0.000

Type  : Slow 1200mV 0C Model Setup 'inst1|altpll_component|auto_generated|pll1|clk[0]'
Slack : -8.682
TNS   : -156.226

Type  : Slow 1200mV 0C Model Setup 'SCOMP:inst|IO_CYCLE'
Slack : -7.928
TNS   : -718.266

Type  : Slow 1200mV 0C Model Setup 'clk_div:inst5|clock_10Hz'
Slack : -6.590
TNS   : -143.739

Type  : Slow 1200mV 0C Model Setup 'I2C_INTERFACE:inst13|i2c_master:inst|data_clk'
Slack : -4.316
TNS   : -96.188

Type  : Slow 1200mV 0C Model Setup 'clk_div:inst5|clock_100kHz'
Slack : -4.260
TNS   : -155.650

Type  : Slow 1200mV 0C Model Setup 'clk_div:inst5|clock_20kHz'
Slack : -3.155
TNS   : -3.853

Type  : Slow 1200mV 0C Model Hold 'I2C_INTERFACE:inst13|i2c_master:inst|data_clk'
Slack : -0.499
TNS   : -0.773

Type  : Slow 1200mV 0C Model Hold 'SCOMP:inst|IO_CYCLE'
Slack : 0.133
TNS   : 0.000

Type  : Slow 1200mV 0C Model Hold 'clk_div:inst5|clock_100kHz'
Slack : 0.290
TNS   : 0.000

Type  : Slow 1200mV 0C Model Hold 'clk_div:inst5|clock_20kHz'
Slack : 0.290
TNS   : 0.000

Type  : Slow 1200mV 0C Model Hold 'clk_div:inst5|clock_10Hz'
Slack : 0.291
TNS   : 0.000

Type  : Slow 1200mV 0C Model Hold 'inst1|altpll_component|auto_generated|pll1|clk[0]'
Slack : 0.297
TNS   : 0.000

Type  : Slow 1200mV 0C Model Recovery 'clk_div:inst5|clock_10Hz'
Slack : -4.805
TNS   : -76.868

Type  : Slow 1200mV 0C Model Recovery 'SCOMP:inst|IO_CYCLE'
Slack : -0.023
TNS   : -0.023

Type  : Slow 1200mV 0C Model Removal 'SCOMP:inst|IO_CYCLE'
Slack : 0.436
TNS   : 0.000

Type  : Slow 1200mV 0C Model Removal 'clk_div:inst5|clock_10Hz'
Slack : 3.266
TNS   : 0.000

Type  : Slow 1200mV 0C Model Minimum Pulse Width 'SCOMP:inst|IO_CYCLE'
Slack : -1.403
TNS   : -155.733

Type  : Slow 1200mV 0C Model Minimum Pulse Width 'clk_div:inst5|clock_10Hz'
Slack : -1.403
TNS   : -101.016

Type  : Slow 1200mV 0C Model Minimum Pulse Width 'I2C_INTERFACE:inst13|i2c_master:inst|data_clk'
Slack : -1.403
TNS   : -70.150

Type  : Slow 1200mV 0C Model Minimum Pulse Width 'clk_div:inst5|clock_100kHz'
Slack : -1.403
TNS   : -65.941

Type  : Slow 1200mV 0C Model Minimum Pulse Width 'clk_div:inst5|clock_20kHz'
Slack : -1.403
TNS   : -7.015

Type  : Slow 1200mV 0C Model Minimum Pulse Width 'clock_50'
Slack : 9.857
TNS   : 0.000

Type  : Slow 1200mV 0C Model Minimum Pulse Width 'inst1|altpll_component|auto_generated|pll1|clk[0]'
Slack : 49.684
TNS   : 0.000

Type  : Fast 1200mV 0C Model Setup 'inst1|altpll_component|auto_generated|pll1|clk[0]'
Slack : -4.135
TNS   : -73.643

Type  : Fast 1200mV 0C Model Setup 'SCOMP:inst|IO_CYCLE'
Slack : -3.312
TNS   : -297.600

Type  : Fast 1200mV 0C Model Setup 'clk_div:inst5|clock_10Hz'
Slack : -2.362
TNS   : -33.749

Type  : Fast 1200mV 0C Model Setup 'I2C_INTERFACE:inst13|i2c_master:inst|data_clk'
Slack : -1.563
TNS   : -23.744

Type  : Fast 1200mV 0C Model Setup 'clk_div:inst5|clock_100kHz'
Slack : -1.366
TNS   : -44.075

Type  : Fast 1200mV 0C Model Setup 'clk_div:inst5|clock_20kHz'
Slack : -0.848
TNS   : -0.848

Type  : Fast 1200mV 0C Model Hold 'I2C_INTERFACE:inst13|i2c_master:inst|data_clk'
Slack : -0.270
TNS   : -0.495

Type  : Fast 1200mV 0C Model Hold 'SCOMP:inst|IO_CYCLE'
Slack : -0.139
TNS   : -0.216

Type  : Fast 1200mV 0C Model Hold 'clk_div:inst5|clock_100kHz'
Slack : 0.141
TNS   : 0.000

Type  : Fast 1200mV 0C Model Hold 'clk_div:inst5|clock_10Hz'
Slack : 0.141
TNS   : 0.000

Type  : Fast 1200mV 0C Model Hold 'clk_div:inst5|clock_20kHz'
Slack : 0.142
TNS   : 0.000

Type  : Fast 1200mV 0C Model Hold 'inst1|altpll_component|auto_generated|pll1|clk[0]'
Slack : 0.169
TNS   : 0.000

Type  : Fast 1200mV 0C Model Recovery 'clk_div:inst5|clock_10Hz'
Slack : -1.849
TNS   : -29.581

Type  : Fast 1200mV 0C Model Recovery 'SCOMP:inst|IO_CYCLE'
Slack : 0.168
TNS   : 0.000

Type  : Fast 1200mV 0C Model Removal 'SCOMP:inst|IO_CYCLE'
Slack : 0.508
TNS   : 0.000

Type  : Fast 1200mV 0C Model Removal 'clk_div:inst5|clock_10Hz'
Slack : 1.326
TNS   : 0.000

Type  : Fast 1200mV 0C Model Minimum Pulse Width 'SCOMP:inst|IO_CYCLE'
Slack : -1.000
TNS   : -111.010

Type  : Fast 1200mV 0C Model Minimum Pulse Width 'clk_div:inst5|clock_10Hz'
Slack : -1.000
TNS   : -72.000

Type  : Fast 1200mV 0C Model Minimum Pulse Width 'I2C_INTERFACE:inst13|i2c_master:inst|data_clk'
Slack : -1.000
TNS   : -50.000

Type  : Fast 1200mV 0C Model Minimum Pulse Width 'clk_div:inst5|clock_100kHz'
Slack : -1.000
TNS   : -47.000

Type  : Fast 1200mV 0C Model Minimum Pulse Width 'clk_div:inst5|clock_20kHz'
Slack : -1.000
TNS   : -5.000

Type  : Fast 1200mV 0C Model Minimum Pulse Width 'clock_50'
Slack : 9.532
TNS   : 0.000

Type  : Fast 1200mV 0C Model Minimum Pulse Width 'inst1|altpll_component|auto_generated|pll1|clk[0]'
Slack : 49.711
TNS   : 0.000

------------------------------------------------------------
